{
  "token": "aaaa",
  "team_id": "T043DB835ML",
  "api_app_id": "A0442TUPHGR",
  "event": {
    "client_msg_id": "ade2a33a-3aa8-4fcf-9b93-2e44e4a92899",
    "type": "message",
    "text": "<https://jadeapptesting.slack.com/archives/C043YJGBY49/p1663961604007869>",
    "user": "U043H11ES4V",
    "ts": "1663978925.099999",
    "team": "T043DB835ML",
    "blocks": [
      {
        "type": "rich_text",
        "block_id": "MEdM",
        "elements": [
          {
            "type": "rich_text_section",
            "elements": [
              {
                "type": "link",
                "url": "https://jadeapptesting.slack.com/archives/C043YJGBY49/p1663961604007869"
              }
            ]
          }
        ]
      }
    ],
    "channel": "C043YJGBY49",
    "event_ts": "1663978925.099999",
    "channel_type": "channel"
  },
  "type": "event_callback",
  "event_id": "Ev043R67DQ1H",
  "event_time": 1663978925,
  "authorizations": [
    {
      "enterprise_id": null,
      "team_id": "T043DB835ML",
      "user_id": "U0442US8QGH",
      "is_bot": true,
      "is_enterprise_install": false
    }
  ],
  "is_ext_shared_channel": false,
  "event_context": "aaaa"
}
