EventEventCallback
    ( EventCallback
        { eventId = EventId
            { unEventId = "Ev04EEHX2PSS" }
        , teamId = TeamId
            { unTeamId = "T043DB835ML" }
        , eventTime = MkSystemTime
            { systemSeconds = 1670631527
            , systemNanoseconds = 0
            }
        , event = EventMessageFileShare
            ( MessageFileShareEvent
                { text = "message message message"
                , blocks = Just
                    [ RichText
                        { blockId = Just
                            ( NonEmptyText "MeAN" )
                        , elements =
                            [ RichTextSectionItemRichText
                                [ RichItemText "message message message"
                                    ( RichStyle
                                        { rsBold = False
                                        , rsItalic = False
                                        }
                                    )
                                ]
                            ]
                        }
                    ]
                , files =
                    [ VisibleFileObject
                        ( FileObjectVisible
                            { id = FileId
                                { unFileId = "F04EEHX1EES" }
                            , created = 2022 - 12 - 10 00 : 18 : 47 UTC
                            , name = "namenamename.txt"
                            , title = "namenamename.txt"
                            , mimetype = "text/plain"
                            , urlPrivate = "https://files.slack.com/files-pri/T043DB835ML-F04EEHX1EES/namenamename.txt"
                            , isExternal = False
                            , size = 12
                            , mode = Snippet
                            }
                        )
                    ]
                , user = UserId
                    { unUserId = "U043H11ES4V" }
                , upload = True
                , displayAsBot = False
                , ts = "1670631527.874149"
                , threadTs = Nothing
                , channel = ConversationId
                    { unConversationId = "D0442US94JD" }
                , channelType = Im
                }
            )
        }
    )