EventEventCallback
    ( EventCallback
        { eventId = EventId
            { unEventId = "Ev043QRVT9FD" }
        , teamId = TeamId
            { unTeamId = "T043DB835ML" }
        , eventTime = MkSystemTime
            { systemSeconds = 1663969334
            , systemNanoseconds = 0
            }
        , event = EventMessageChanged
        }
    )