{
    "id": "F04EEHX1EES",
    "created": 1670631527,
    "timestamp": 1670631527,
    "name": "namenamename.txt",
    "title": "namenamename.txt",
    "mimetype": "text/plain",
    "filetype": "text",
    "pretty_type": "Plain Text",
    "user": "U043H11ES4V",
    "user_team": "T043DB835ML",
    "editable": true,
    "size": 12,
    "mode": "snippet",
    "is_external": false,
    "external_type": "",
    "is_public": false,
    "public_url_shared": false,
    "display_as_bot": false,
    "username": "",
    "url_private": "https://files.slack.com/files-pri/T043DB835ML-F04EEHX1EES/namenamename.txt",
    "url_private_download": "https://files.slack.com/files-pri/T043DB835ML-F04EEHX1EES/download/namenamename.txt",
    "permalink": "https://jadeapptesting.slack.com/files/U043H11ES4V/F04EEHX1EES/namenamename.txt",
    "permalink_public": "https://slack-files.com/T043DB835ML-F04EEHX1EES-0ce8936320",
    "edit_link": "https://jadeapptesting.slack.com/files/U043H11ES4V/F04EEHX1EES/namenamename.txt/edit",
    "preview": "hug a kitten",
    "preview_highlight": "<div class=\"CodeMirror cm-s-default CodeMirrorServer\" oncopy=\"if(event.clipboardData){event.clipboardData.setData('text/plain',window.getSelection().toString().replace(/\\u200b/g,''));event.preventDefault();event.stopPropagation();}\">\n<div class=\"CodeMirror-code\">\n<div><pre>hug a kitten</pre></div>\n</div>\n</div>\n",
    "lines": 1,
    "lines_more": 0,
    "preview_is_truncated": false,
    "has_rich_preview": false,
    "file_access": "visible"
}
