{
    "ok": true,
    "channel": "C024BE91L",
    "ts": "1401383885.000061",
    "text": "Updated text you carefully authored",
    "message": {
        "text": "Updated text you carefully authored",
        "user": "U34567890"
    }
}
